This is a test to see how many words are in this essay. There are two sentences.
17
