Oceans
lakes
much
common
quite
different
well
Both
bodies
water
oceans
large
bodies
salt
water
lakes
much
smaller
bodies
fresh
water
Lakes
usually
surrounded
land
oceans
surround
