174
a and this is my Essay. PLT is a great class and I enjoy learning about building my own language. My language is called the English Language Language and it is really great.
